<html>
<body>
<pre>
<h1>µVision Build Log</h1>
<h2>Tool Versions:</h2>
IDE-Version: µVision V5.25.2.0
Copyright (C) 2018 ARM Ltd and ARM Germany GmbH. All rights reserved.
License Information: Saloni Shambhuwani, NC State University, LIC=----
 
Tool Versions:
Toolchain:       MDK-Lite  Version: 5.25.2.0
Toolchain Path:  C:\Keil_v5\ARM\ARMCC\Bin
C Compiler:      Armcc.exe V5.06 update 6 (build 750)
Assembler:       Armasm.exe V5.06 update 6 (build 750)
Linker/Locator:  ArmLink.exe V5.06 update 6 (build 750)
Library Manager: ArmAr.exe V5.06 update 6 (build 750)
Hex Converter:   FromElf.exe V5.06 update 6 (build 750)
CPU DLL:         SARMCM3.DLL V5.25.2.0
Dialog DLL:      DARMCM1.DLL V1.19.1.0
Target DLL:      PEMicro\Pemicro_ArmCortexInterface.dll V1.11
Dialog DLL:      TARMCM1.DLL V1.14.0.0
 
<h2>Project:</h2>
C:\Users\saloni94\Downloads\Project_2_FSM\Project_2A_Base\ulibSD.uvprojx
Project File Date:  10/30/2018

<h2>Output:</h2>
*** Using Compiler 'V5.06 update 6 (build 750)', folder: 'C:\Keil_v5\ARM\ARMCC\Bin'
Rebuild target 'Target 1'
compiling debug.c...
compiling main.c...
Source\main.c(160): warning:  #111-D: statement is unreachable
  			break;
Source\main.c: 1 warning, 0 errors
compiling sd_io.c...
Source\sd_io.c(226): warning:  #111-D: statement is unreachable
  		break;
Source\sd_io.c(254): warning:  #111-D: statement is unreachable
  break;
Source\sd_io.c(264): warning:  #111-D: statement is unreachable
  		break;
Source\sd_io.c(285): warning:  #111-D: statement is unreachable
  		break;		
Source\sd_io.c(304): warning:  #111-D: statement is unreachable
  		break;		
Source\sd_io.c(322): warning:  #111-D: statement is unreachable
  				break;
Source\sd_io.c(341): warning:  #111-D: statement is unreachable
  							break;
Source\sd_io.c(375): warning:  #111-D: statement is unreachable
  									break;
Source\sd_io.c(393): warning:  #111-D: statement is unreachable
  				 break;
Source\sd_io.c(437): warning:  #111-D: statement is unreachable
  								break;
Source\sd_io.c(458): warning:  #111-D: statement is unreachable
  								break;
Source\sd_io.c(477): warning:  #111-D: statement is unreachable
  								break;
Source\sd_io.c(491): warning:  #111-D: statement is unreachable
  						break;
Source\sd_io.c(508): warning:  #111-D: statement is unreachable
  break;
Source\sd_io.c(510): warning:  #940-D: missing return statement at end of non-void function "SD_Init" 
  }
Source\sd_io.c(543): warning:  #111-D: statement is unreachable
  			break;
Source\sd_io.c(564): warning:  #111-D: statement is unreachable
  			break;
Source\sd_io.c(584): warning:  #111-D: statement is unreachable
  			break;
Source\sd_io.c(609): warning:  #111-D: statement is unreachable
  				break;
Source\sd_io.c(634): warning:  #111-D: statement is unreachable
  			break;	
Source\sd_io.c(644): warning:  #111-D: statement is unreachable
  		break;
Source\sd_io.c(652): warning:  #940-D: missing return statement at end of non-void function "SD_Read" 
  }
Source\sd_io.c(678): warning:  #111-D: statement is unreachable
  break;
Source\sd_io.c(697): warning:  #111-D: statement is unreachable
  		break;
Source\sd_io.c(727): warning:  #111-D: statement is unreachable
  		break;
Source\sd_io.c(736): warning:  #111-D: statement is unreachable
  			break;
Source\sd_io.c(756): warning:  #111-D: statement is unreachable
  	break;			
Source\sd_io.c(773): warning:  #111-D: statement is unreachable
  			break;
Source\sd_io.c(781): warning:  #940-D: missing return statement at end of non-void function "SD_Write" 
  }
Source\sd_io.c: 29 warnings, 0 errors
compiling spi_io.c...
assembling startup_MKL25Z4.s...
compiling LEDs.c...
compiling SD_Server.c...
Source\SD_Server.c(107): warning:  #111-D: statement is unreachable
  			break;
Source\SD_Server.c: 1 warning, 0 errors
compiling system_MKL25Z4.c...
linking...
Program Size: Code=7252 RO-data=352 RW-data=100 ZI-data=1684  
".\Objects\ulibSD.axf" - 0 Error(s), 31 Warning(s).

<h2>Software Packages used:</h2>

Package Vendor: ARM
                http://www.keil.com/pack/ARM.CMSIS.5.3.0.pack
                ARM.CMSIS.5.3.0
                CMSIS (Cortex Microcontroller Software Interface Standard)
   * Component: CORE Version: 5.1.1

Package Vendor: Keil
                http://www.keil.com/pack/Keil.Kinetis_KLxx_DFP.1.15.0.pack
                Keil.Kinetis_KLxx_DFP.1.15.0
                NXP Kinetis KLxx Series Device Support and Examples
   * Component: Startup Version: 2.5.0

<h2>Collection of Component include folders:</h2>
  .\RTE\Device\MKL25Z128xxx4
  .\RTE\_Target_1
  C:\Keil_v5\ARM\PACK\ARM\CMSIS\5.3.0\CMSIS\Include
  C:\Keil_v5\ARM\PACK\Keil\Kinetis_KLxx_DFP\1.15.0\Device\Include

<h2>Collection of Component Files used:</h2>

   * Component: ARM::CMSIS:CORE:5.1.1

   * Component: Keil::Device:Startup:2.5.0
      Source file:   Device\Source\ARM\startup_MKL25Z4.s
      Source file:   Device\Source\system_MKL25Z4.c
      Include file:  Device\Source\system_MKL25Z4.h
Build Time Elapsed:  00:00:04
</pre>
</body>
</html>
