Component: ARM Compiler 5.06 update 6 (build 750) Tool: armlink [4d35ed]

==============================================================================

Section Cross References

    main.o(i.Scheduler) refers to sd_server.o(i.Task_SD_Server) for Task_SD_Server
    main.o(i.Scheduler) refers to main.o(i.Task_Test_SD) for Task_Test_SD
    main.o(i.Scheduler) refers to main.o(i.Task_Makework) for Task_Makework
    main.o(i.Task_Makework) refers to dflti.o(.text) for __aeabi_i2d
    main.o(i.Task_Makework) refers to daddsub.o(.text) for __aeabi_dadd
    main.o(i.Task_Makework) refers to dmul.o(.text) for __aeabi_dmul
    main.o(i.Task_Makework) refers to ddiv.o(.text) for __aeabi_ddiv
    main.o(i.Task_Makework) refers to deqf.o(x$fpl$deqf) for __aeabi_cdcmpeq
    main.o(i.Task_Makework) refers to main.o(.data) for .data
    main.o(i.Task_Test_SD) refers to leds.o(i.Control_RGB_LEDs) for Control_RGB_LEDs
    main.o(i.Task_Test_SD) refers to main.o(.data) for .data
    main.o(i.Task_Test_SD) refers to sd_server.o(.bss) for g_trans
    main.o(i.Task_Test_SD) refers to main.o(.bss) for .bss
    main.o(i.main) refers to debug.o(i.Init_Debug_Signals) for Init_Debug_Signals
    main.o(i.main) refers to leds.o(i.Init_RGB_LEDs) for Init_RGB_LEDs
    main.o(i.main) refers to leds.o(i.Control_RGB_LEDs) for Control_RGB_LEDs
    main.o(i.main) refers to main.o(i.Scheduler) for Scheduler
    sd_io.o(i.SD_Init) refers to spi_io.o(i.SPI_Init) for SPI_Init
    sd_io.o(i.SD_Init) refers to spi_io.o(i.SPI_CS_High) for SPI_CS_High
    sd_io.o(i.SD_Init) refers to spi_io.o(i.SPI_Freq_Low) for SPI_Freq_Low
    sd_io.o(i.SD_Init) refers to spi_io.o(i.SPI_RW) for SPI_RW
    sd_io.o(i.SD_Init) refers to spi_io.o(i.SPI_Timer_On) for SPI_Timer_On
    sd_io.o(i.SD_Init) refers to spi_io.o(i.SPI_Timer_Status) for SPI_Timer_Status
    sd_io.o(i.SD_Init) refers to spi_io.o(i.SPI_Timer_Off) for SPI_Timer_Off
    sd_io.o(i.SD_Init) refers to sd_io.o(i.__SD_Send_Cmd) for __SD_Send_Cmd
    sd_io.o(i.SD_Init) refers to sd_io.o(i.__SD_Sectors) for __SD_Sectors
    sd_io.o(i.SD_Init) refers to sd_io.o(i.__SD_Speed_Transfer) for __SD_Speed_Transfer
    sd_io.o(i.SD_Init) refers to spi_io.o(i.SPI_Release) for SPI_Release
    sd_io.o(i.SD_Init) refers to sd_io.o(.data) for .data
    sd_io.o(i.SD_Read) refers to sd_io.o(i.__SD_Send_Cmd) for __SD_Send_Cmd
    sd_io.o(i.SD_Read) refers to spi_io.o(i.SPI_Timer_On) for SPI_Timer_On
    sd_io.o(i.SD_Read) refers to spi_io.o(i.SPI_RW) for SPI_RW
    sd_io.o(i.SD_Read) refers to spi_io.o(i.SPI_Timer_Status) for SPI_Timer_Status
    sd_io.o(i.SD_Read) refers to spi_io.o(i.SPI_Timer_Off) for SPI_Timer_Off
    sd_io.o(i.SD_Read) refers to spi_io.o(i.SPI_Release) for SPI_Release
    sd_io.o(i.SD_Read) refers to sd_io.o(.data) for .data
    sd_io.o(i.SD_Status) refers to sd_io.o(i.__SD_Send_Cmd) for __SD_Send_Cmd
    sd_io.o(i.SD_Write) refers to sd_io.o(i.__SD_Send_Cmd) for __SD_Send_Cmd
    sd_io.o(i.SD_Write) refers to spi_io.o(i.SPI_RW) for SPI_RW
    sd_io.o(i.SD_Write) refers to spi_io.o(i.SPI_Timer_On) for SPI_Timer_On
    sd_io.o(i.SD_Write) refers to spi_io.o(i.SPI_Timer_Status) for SPI_Timer_Status
    sd_io.o(i.SD_Write) refers to spi_io.o(i.SPI_Timer_Off) for SPI_Timer_Off
    sd_io.o(i.SD_Write) refers to sd_io.o(.data) for .data
    sd_io.o(i.__SD_Sectors) refers to sd_io.o(i.__SD_Send_Cmd) for __SD_Send_Cmd
    sd_io.o(i.__SD_Sectors) refers to spi_io.o(i.SPI_RW) for SPI_RW
    sd_io.o(i.__SD_Sectors) refers to spi_io.o(i.SPI_Release) for SPI_Release
    sd_io.o(i.__SD_Sectors) refers to sd_io.o(i.__SD_Power_Of_Two) for __SD_Power_Of_Two
    sd_io.o(i.__SD_Send_Cmd) refers to spi_io.o(i.SPI_CS_High) for SPI_CS_High
    sd_io.o(i.__SD_Send_Cmd) refers to spi_io.o(i.SPI_RW) for SPI_RW
    sd_io.o(i.__SD_Send_Cmd) refers to spi_io.o(i.SPI_CS_Low) for SPI_CS_Low
    sd_io.o(i.__SD_Send_Cmd) refers to spi_io.o(i.SPI_Timer_On) for SPI_Timer_On
    sd_io.o(i.__SD_Send_Cmd) refers to spi_io.o(i.SPI_Timer_Status) for SPI_Timer_Status
    sd_io.o(i.__SD_Send_Cmd) refers to spi_io.o(i.SPI_Timer_Off) for SPI_Timer_Off
    sd_io.o(i.__SD_Speed_Transfer) refers to spi_io.o(i.SPI_Freq_Low) for SPI_Freq_Low
    sd_io.o(i.__SD_Speed_Transfer) refers to spi_io.o(i.SPI_Freq_High) for SPI_Freq_High
    sd_io.o(.data) refers to sd_io.o(.data) for read_status
    sd_io.o(.data) refers to sd_io.o(.data) for idle_busy_status
    sd_io.o(.data) refers to sd_io.o(.data) for in_status
    spi_io.o(i.SPI_Release) refers to spi_io.o(i.SPI_RW) for SPI_RW
    sd_server.o(i.Task_SD_Server) refers to sd_io.o(i.SD_Init) for SD_Init
    sd_server.o(i.Task_SD_Server) refers to sd_server.o(i.Update_Trans) for Update_Trans
    sd_server.o(i.Task_SD_Server) refers to sd_io.o(i.SD_Read) for SD_Read
    sd_server.o(i.Task_SD_Server) refers to sd_io.o(i.SD_Write) for SD_Write
    sd_server.o(i.Task_SD_Server) refers to sd_server.o(.data) for .data
    sd_server.o(i.Task_SD_Server) refers to sd_server.o(.bss) for .bss
    sd_server.o(i.Task_SD_Server) refers to sd_io.o(.data) for instatus
    sd_server.o(i.Task_SD_Server) refers to sd_io.o(.data) for rstatus
    sd_server.o(i.Task_SD_Server) refers to sd_io.o(.data) for status
    startup_mkl25z4.o(STACK) refers (Special) to heapauxi.o(.text) for __use_two_region_memory
    startup_mkl25z4.o(HEAP) refers (Special) to heapauxi.o(.text) for __use_two_region_memory
    startup_mkl25z4.o(RESET) refers (Special) to heapauxi.o(.text) for __use_two_region_memory
    startup_mkl25z4.o(RESET) refers to startup_mkl25z4.o(STACK) for __initial_sp
    startup_mkl25z4.o(RESET) refers to startup_mkl25z4.o(.text) for Reset_Handler
    startup_mkl25z4.o(.ARM.__at_0x400) refers (Special) to heapauxi.o(.text) for __use_two_region_memory
    startup_mkl25z4.o(.text) refers (Special) to heapauxi.o(.text) for __use_two_region_memory
    startup_mkl25z4.o(.text) refers to system_mkl25z4.o(i.SystemInit) for SystemInit
    startup_mkl25z4.o(.text) refers to __main.o(!!!main) for __main
    startup_mkl25z4.o(.text) refers to startup_mkl25z4.o(HEAP) for Heap_Mem
    startup_mkl25z4.o(.text) refers to startup_mkl25z4.o(STACK) for Stack_Mem
    system_mkl25z4.o(i.SystemCoreClockUpdate) refers to aeabi_sdivfast.o(.text) for __aeabi_uidivmod
    system_mkl25z4.o(i.SystemCoreClockUpdate) refers to system_mkl25z4.o(.data) for .data
    __main.o(!!!main) refers to __rtentry.o(.ARM.Collect$$rtentry$$00000000) for __rt_entry
    daddsub.o(.text) refers (Special) to usenofp.o(x$fpl$usenofp) for __I$use$fp
    ddiv.o(.text) refers (Special) to usenofp.o(x$fpl$usenofp) for __I$use$fp
    ddiv.o(.text) refers to ddiv.o(.constdata) for .constdata
    ddiv.o(.constdata) refers (Special) to usenofp.o(x$fpl$usenofp) for __I$use$fp
    deqf.o(x$fpl$deqf) refers (Special) to usenofp.o(x$fpl$usenofp) for __I$use$fp
    deqf.o(x$fpl$deqf) refers to dcmpin.o(.text) for __fpl_dcmp_InfNaN
    dflti.o(.text) refers (Special) to usenofp.o(x$fpl$usenofp) for __I$use$fp
    dmul.o(.text) refers (Special) to usenofp.o(x$fpl$usenofp) for __I$use$fp
    __rtentry.o(.ARM.Collect$$rtentry$$00000000) refers (Special) to __rtentry2.o(.ARM.Collect$$rtentry$$0000000A) for __rt_entry_li
    __rtentry.o(.ARM.Collect$$rtentry$$00000000) refers (Special) to __rtentry2.o(.ARM.Collect$$rtentry$$0000000D) for __rt_entry_main
    __rtentry.o(.ARM.Collect$$rtentry$$00000000) refers (Special) to __rtentry2.o(.ARM.Collect$$rtentry$$0000000C) for __rt_entry_postli_1
    __rtentry.o(.ARM.Collect$$rtentry$$00000000) refers (Special) to __rtentry2.o(.ARM.Collect$$rtentry$$00000009) for __rt_entry_postsh_1
    __rtentry.o(.ARM.Collect$$rtentry$$00000000) refers (Special) to __rtentry2.o(.ARM.Collect$$rtentry$$00000002) for __rt_entry_presh_1
    __rtentry.o(.ARM.Collect$$rtentry$$00000000) refers (Special) to __rtentry4.o(.ARM.Collect$$rtentry$$00000004) for __rt_entry_sh
    aeabi_idiv0_sigfpe.o(.text) refers to rt_div0.o(.text) for __rt_div0
    dcmpin.o(.text) refers (Special) to usenofp.o(x$fpl$usenofp) for __I$use$fp
    dcmpin.o(.text) refers to cmpret.o(.text) for __fpl_cmpreturn
    dcmpin.o(.text) refers to dnan2.o(.text) for __fpl_dcheck_NaN2
    __rtentry2.o(.ARM.Collect$$rtentry$$00000008) refers to boardinit2.o(.text) for _platform_post_stackheap_init
    __rtentry2.o(.ARM.Collect$$rtentry$$0000000A) refers to libinit.o(.ARM.Collect$$libinit$$00000000) for __rt_lib_init
    __rtentry2.o(.ARM.Collect$$rtentry$$0000000B) refers to boardinit3.o(.text) for _platform_post_lib_init
    __rtentry2.o(.ARM.Collect$$rtentry$$0000000D) refers to main.o(i.main) for main
    __rtentry2.o(.ARM.Collect$$rtentry$$0000000D) refers to exit.o(.text) for exit
    __rtentry2.o(.ARM.exidx) refers to __rtentry2.o(.ARM.Collect$$rtentry$$00000001) for .ARM.Collect$$rtentry$$00000001
    __rtentry2.o(.ARM.exidx) refers to __rtentry2.o(.ARM.Collect$$rtentry$$00000008) for .ARM.Collect$$rtentry$$00000008
    __rtentry2.o(.ARM.exidx) refers to __rtentry2.o(.ARM.Collect$$rtentry$$0000000A) for .ARM.Collect$$rtentry$$0000000A
    __rtentry2.o(.ARM.exidx) refers to __rtentry2.o(.ARM.Collect$$rtentry$$0000000B) for .ARM.Collect$$rtentry$$0000000B
    __rtentry2.o(.ARM.exidx) refers to __rtentry2.o(.ARM.Collect$$rtentry$$0000000D) for .ARM.Collect$$rtentry$$0000000D
    __rtentry4.o(.ARM.Collect$$rtentry$$00000004) refers to sys_stackheap_outer.o(.text) for __user_setup_stackheap
    __rtentry4.o(.ARM.exidx) refers to __rtentry4.o(.ARM.Collect$$rtentry$$00000004) for .ARM.Collect$$rtentry$$00000004
    rt_div0.o(.text) refers to defsig_fpe_outer.o(.text) for __rt_SIGFPE
    cmpret.o(.text) refers (Special) to usenofp.o(x$fpl$usenofp) for __I$use$fp
    dnan2.o(.text) refers (Special) to usenofp.o(x$fpl$usenofp) for __I$use$fp
    dnan2.o(.text) refers to retnan.o(.text) for __fpl_return_NaN
    sys_stackheap_outer.o(.text) refers to libspace.o(.text) for __user_perproc_libspace
    sys_stackheap_outer.o(.text) refers to startup_mkl25z4.o(.text) for __user_initial_stackheap
    sys_stackheap_outer.o(__vectab_stack_and_reset_area) refers to tempstk.o(.text) for __temporary_stack_top
    sys_stackheap_outer.o(__vectab_stack_and_reset_area) refers to __main.o(!!!main) for __main
    exit.o(.text) refers to rtexit.o(.ARM.Collect$$rtexit$$00000000) for __rt_exit
    defsig_fpe_outer.o(.text) refers to defsig_fpe_inner.o(.text) for __rt_SIGFPE_inner
    defsig_fpe_outer.o(.text) refers to defsig_exit.o(.text) for __sig_exit
    defsig_fpe_formal.o(.text) refers to rt_raise.o(.text) for __rt_raise
    libinit.o(.ARM.Collect$$libinit$$00000000) refers (Special) to libinit2.o(.ARM.Collect$$libinit$$0000002E) for __rt_lib_init_alloca_1
    libinit.o(.ARM.Collect$$libinit$$00000000) refers (Special) to libinit2.o(.ARM.Collect$$libinit$$0000002C) for __rt_lib_init_argv_1
    libinit.o(.ARM.Collect$$libinit$$00000000) refers (Special) to libinit2.o(.ARM.Collect$$libinit$$0000001B) for __rt_lib_init_atexit_1
    libinit.o(.ARM.Collect$$libinit$$00000000) refers (Special) to libinit2.o(.ARM.Collect$$libinit$$00000021) for __rt_lib_init_clock_1
    libinit.o(.ARM.Collect$$libinit$$00000000) refers (Special) to libinit2.o(.ARM.Collect$$libinit$$00000032) for __rt_lib_init_cpp_1
    libinit.o(.ARM.Collect$$libinit$$00000000) refers (Special) to libinit2.o(.ARM.Collect$$libinit$$00000030) for __rt_lib_init_exceptions_1
    libinit.o(.ARM.Collect$$libinit$$00000000) refers (Special) to libinit2.o(.ARM.Collect$$libinit$$00000002) for __rt_lib_init_fp_1
    libinit.o(.ARM.Collect$$libinit$$00000000) refers (Special) to libinit2.o(.ARM.Collect$$libinit$$0000001F) for __rt_lib_init_fp_trap_1
    libinit.o(.ARM.Collect$$libinit$$00000000) refers (Special) to libinit2.o(.ARM.Collect$$libinit$$00000023) for __rt_lib_init_getenv_1
    libinit.o(.ARM.Collect$$libinit$$00000000) refers (Special) to libinit2.o(.ARM.Collect$$libinit$$0000000A) for __rt_lib_init_heap_1
    libinit.o(.ARM.Collect$$libinit$$00000000) refers (Special) to libinit2.o(.ARM.Collect$$libinit$$00000011) for __rt_lib_init_lc_collate_1
    libinit.o(.ARM.Collect$$libinit$$00000000) refers (Special) to libinit2.o(.ARM.Collect$$libinit$$00000013) for __rt_lib_init_lc_ctype_1
    libinit.o(.ARM.Collect$$libinit$$00000000) refers (Special) to libinit2.o(.ARM.Collect$$libinit$$00000015) for __rt_lib_init_lc_monetary_1
    libinit.o(.ARM.Collect$$libinit$$00000000) refers (Special) to libinit2.o(.ARM.Collect$$libinit$$00000017) for __rt_lib_init_lc_numeric_1
    libinit.o(.ARM.Collect$$libinit$$00000000) refers (Special) to libinit2.o(.ARM.Collect$$libinit$$00000019) for __rt_lib_init_lc_time_1
    libinit.o(.ARM.Collect$$libinit$$00000000) refers (Special) to libinit2.o(.ARM.Collect$$libinit$$00000004) for __rt_lib_init_preinit_1
    libinit.o(.ARM.Collect$$libinit$$00000000) refers (Special) to libinit2.o(.ARM.Collect$$libinit$$0000000E) for __rt_lib_init_rand_1
    libinit.o(.ARM.Collect$$libinit$$00000000) refers (Special) to libinit2.o(.ARM.Collect$$libinit$$00000033) for __rt_lib_init_return
    libinit.o(.ARM.Collect$$libinit$$00000000) refers (Special) to libinit2.o(.ARM.Collect$$libinit$$0000001D) for __rt_lib_init_signal_1
    libinit.o(.ARM.Collect$$libinit$$00000000) refers (Special) to libinit2.o(.ARM.Collect$$libinit$$00000025) for __rt_lib_init_stdio_1
    libinit.o(.ARM.Collect$$libinit$$00000000) refers (Special) to libinit2.o(.ARM.Collect$$libinit$$0000000C) for __rt_lib_init_user_alloc_1
    retnan.o(.text) refers (Special) to usenofp.o(x$fpl$usenofp) for __I$use$fp
    retnan.o(.text) refers to cmpret.o(.text) for __fpl_cmpreturn
    libspace.o(.text) refers to libspace.o(.bss) for __libspace_start
    rtexit.o(.ARM.Collect$$rtexit$$00000000) refers (Special) to rtexit2.o(.ARM.Collect$$rtexit$$00000004) for __rt_exit_exit
    rtexit.o(.ARM.Collect$$rtexit$$00000000) refers (Special) to rtexit2.o(.ARM.Collect$$rtexit$$00000003) for __rt_exit_ls
    rtexit.o(.ARM.Collect$$rtexit$$00000000) refers (Special) to rtexit2.o(.ARM.Collect$$rtexit$$00000002) for __rt_exit_prels_1
    rtexit.o(.ARM.exidx) refers (Special) to rtexit2.o(.ARM.Collect$$rtexit$$00000004) for __rt_exit_exit
    rtexit.o(.ARM.exidx) refers (Special) to rtexit2.o(.ARM.Collect$$rtexit$$00000003) for __rt_exit_ls
    rtexit.o(.ARM.exidx) refers (Special) to rtexit2.o(.ARM.Collect$$rtexit$$00000002) for __rt_exit_prels_1
    rtexit.o(.ARM.exidx) refers to rtexit.o(.ARM.Collect$$rtexit$$00000000) for .ARM.Collect$$rtexit$$00000000
    rt_raise.o(.text) refers to __raise.o(.text) for __raise
    rt_raise.o(.text) refers to sys_exit.o(.text) for _sys_exit
    defsig_exit.o(.text) refers to sys_exit.o(.text) for _sys_exit
    defsig_fpe_inner.o(.text) refers to defsig_general.o(.text) for __default_signal_display
    libinit2.o(.ARM.Collect$$libinit$$00000010) refers to libinit2.o(.ARM.Collect$$libinit$$0000000F) for .ARM.Collect$$libinit$$0000000F
    libinit2.o(.ARM.Collect$$libinit$$00000012) refers to libinit2.o(.ARM.Collect$$libinit$$0000000F) for .ARM.Collect$$libinit$$0000000F
    libinit2.o(.ARM.Collect$$libinit$$00000014) refers to libinit2.o(.ARM.Collect$$libinit$$0000000F) for .ARM.Collect$$libinit$$0000000F
    libinit2.o(.ARM.Collect$$libinit$$00000016) refers to libinit2.o(.ARM.Collect$$libinit$$0000000F) for .ARM.Collect$$libinit$$0000000F
    libinit2.o(.ARM.Collect$$libinit$$00000018) refers to libinit2.o(.ARM.Collect$$libinit$$0000000F) for .ARM.Collect$$libinit$$0000000F
    libinit2.o(.ARM.Collect$$libinit$$00000026) refers to argv_veneer.o(.text) for __ARM_argv_veneer
    libinit2.o(.ARM.Collect$$libinit$$00000027) refers to argv_veneer.o(.text) for __ARM_argv_veneer
    sys_exit.o(.text) refers (Special) to use_no_semi.o(.text) for __I$use$semihosting
    sys_exit.o(.text) refers (Special) to indicate_semi.o(.text) for __semihosting_library_function
    rtexit2.o(.ARM.Collect$$rtexit$$00000003) refers to libshutdown.o(.ARM.Collect$$libshutdown$$00000000) for __rt_lib_shutdown
    rtexit2.o(.ARM.Collect$$rtexit$$00000004) refers to sys_exit.o(.text) for _sys_exit
    rtexit2.o(.ARM.exidx) refers to rtexit2.o(.ARM.Collect$$rtexit$$00000001) for .ARM.Collect$$rtexit$$00000001
    rtexit2.o(.ARM.exidx) refers to rtexit2.o(.ARM.Collect$$rtexit$$00000003) for .ARM.Collect$$rtexit$$00000003
    rtexit2.o(.ARM.exidx) refers to rtexit2.o(.ARM.Collect$$rtexit$$00000004) for .ARM.Collect$$rtexit$$00000004
    __raise.o(.text) refers to defsig.o(CL$$defsig) for __default_signal_handler
    defsig_general.o(.text) refers to sys_wrch.o(.text) for _ttywrch
    sys_wrch.o(.text) refers (Special) to use_no_semi.o(.text) for __I$use$semihosting
    sys_wrch.o(.text) refers (Special) to indicate_semi.o(.text) for __semihosting_library_function
    defsig.o(CL$$defsig) refers to defsig_fpe_inner.o(.text) for __rt_SIGFPE_inner
    defsig.o(CL$$defsig) refers to defsig_rtmem_inner.o(.text) for __rt_SIGRTMEM_inner
    _get_argv_nomalloc.o(.text) refers (Special) to hrguard.o(.text) for __heap_region$guard
    _get_argv_nomalloc.o(.text) refers to defsig_rtmem_outer.o(.text) for __rt_SIGRTMEM
    _get_argv_nomalloc.o(.text) refers to sys_command.o(.text) for _sys_command_string
    libshutdown.o(.ARM.Collect$$libshutdown$$00000000) refers (Special) to libshutdown2.o(.ARM.Collect$$libshutdown$$00000002) for __rt_lib_shutdown_cpp_1
    libshutdown.o(.ARM.Collect$$libshutdown$$00000000) refers (Special) to libshutdown2.o(.ARM.Collect$$libshutdown$$00000007) for __rt_lib_shutdown_fp_trap_1
    libshutdown.o(.ARM.Collect$$libshutdown$$00000000) refers (Special) to libshutdown2.o(.ARM.Collect$$libshutdown$$0000000F) for __rt_lib_shutdown_heap_1
    libshutdown.o(.ARM.Collect$$libshutdown$$00000000) refers (Special) to libshutdown2.o(.ARM.Collect$$libshutdown$$00000010) for __rt_lib_shutdown_return
    libshutdown.o(.ARM.Collect$$libshutdown$$00000000) refers (Special) to libshutdown2.o(.ARM.Collect$$libshutdown$$0000000A) for __rt_lib_shutdown_signal_1
    libshutdown.o(.ARM.Collect$$libshutdown$$00000000) refers (Special) to libshutdown2.o(.ARM.Collect$$libshutdown$$00000004) for __rt_lib_shutdown_stdio_1
    libshutdown.o(.ARM.Collect$$libshutdown$$00000000) refers (Special) to libshutdown2.o(.ARM.Collect$$libshutdown$$0000000C) for __rt_lib_shutdown_user_alloc_1
    sys_command.o(.text) refers (Special) to use_no_semi.o(.text) for __I$use$semihosting
    sys_command.o(.text) refers (Special) to indicate_semi.o(.text) for __semihosting_library_function
    defsig_abrt_inner.o(.text) refers to defsig_general.o(.text) for __default_signal_display
    defsig_rtred_inner.o(.text) refers to defsig_general.o(.text) for __default_signal_display
    defsig_rtmem_inner.o(.text) refers to defsig_general.o(.text) for __default_signal_display
    defsig_rtmem_outer.o(.text) refers to defsig_rtmem_inner.o(.text) for __rt_SIGRTMEM_inner
    defsig_rtmem_outer.o(.text) refers to defsig_exit.o(.text) for __sig_exit
    defsig_rtmem_formal.o(.text) refers to rt_raise.o(.text) for __rt_raise
    defsig_stak_inner.o(.text) refers to defsig_general.o(.text) for __default_signal_display
    defsig_pvfn_inner.o(.text) refers to defsig_general.o(.text) for __default_signal_display
    defsig_cppl_inner.o(.text) refers to defsig_general.o(.text) for __default_signal_display
    defsig_segv_inner.o(.text) refers to defsig_general.o(.text) for __default_signal_display
    defsig_other.o(.text) refers to defsig_general.o(.text) for __default_signal_display


==============================================================================

Removing Unused input sections from the image.

    Removing debug.o(.rev16_text), (4 bytes).
    Removing debug.o(.revsh_text), (4 bytes).
    Removing main.o(.rev16_text), (4 bytes).
    Removing main.o(.revsh_text), (4 bytes).
    Removing sd_io.o(.rev16_text), (4 bytes).
    Removing sd_io.o(.revsh_text), (4 bytes).
    Removing sd_io.o(i.SD_Status), (22 bytes).
    Removing sd_io.o(.data), (56 bytes).
    Removing spi_io.o(.rev16_text), (4 bytes).
    Removing spi_io.o(.revsh_text), (4 bytes).
    Removing leds.o(.rev16_text), (4 bytes).
    Removing leds.o(.revsh_text), (4 bytes).
    Removing sd_server.o(.rev16_text), (4 bytes).
    Removing sd_server.o(.revsh_text), (4 bytes).
    Removing system_mkl25z4.o(.rev16_text), (4 bytes).
    Removing system_mkl25z4.o(.revsh_text), (4 bytes).
    Removing system_mkl25z4.o(i.SystemCoreClockUpdate), (308 bytes).
    Removing system_mkl25z4.o(.data), (4 bytes).

18 unused section(s) (total 446 bytes) removed from the image.

==============================================================================

Image Symbol Table

    Local Symbols

    Symbol Name                              Value     Ov Type        Size  Object(Section)

    RESET                                    0x00000000   Section      192  startup_mkl25z4.o(RESET)
    ../clib/angel/boardlib.s                 0x00000000   Number         0  boardinit1.o ABSOLUTE
    ../clib/angel/boardlib.s                 0x00000000   Number         0  boardinit3.o ABSOLUTE
    ../clib/angel/boardlib.s                 0x00000000   Number         0  boardinit2.o ABSOLUTE
    ../clib/angel/boardlib.s                 0x00000000   Number         0  boardshut.o ABSOLUTE
    ../clib/angel/handlers.s                 0x00000000   Number         0  __scatter_copy.o ABSOLUTE
    ../clib/angel/handlers.s                 0x00000000   Number         0  __scatter_zi.o ABSOLUTE
    ../clib/angel/kernel.s                   0x00000000   Number         0  __rtentry.o ABSOLUTE
    ../clib/angel/kernel.s                   0x00000000   Number         0  __rtentry2.o ABSOLUTE
    ../clib/angel/kernel.s                   0x00000000   Number         0  __rtentry4.o ABSOLUTE
    ../clib/angel/kernel.s                   0x00000000   Number         0  rtexit2.o ABSOLUTE
    ../clib/angel/kernel.s                   0x00000000   Number         0  rtexit.o ABSOLUTE
    ../clib/angel/rt.s                       0x00000000   Number         0  aeabi_idiv0.o ABSOLUTE
    ../clib/angel/rt.s                       0x00000000   Number         0  rt_raise.o ABSOLUTE
    ../clib/angel/rt.s                       0x00000000   Number         0  rt_div0.o ABSOLUTE
    ../clib/angel/rt.s                       0x00000000   Number         0  aeabi_idiv0_sigfpe.o ABSOLUTE
    ../clib/angel/scatterp.s                 0x00000000   Number         0  __scatter.o ABSOLUTE
    ../clib/angel/startup.s                  0x00000000   Number         0  __main.o ABSOLUTE
    ../clib/angel/sys.s                      0x00000000   Number         0  libspace.o ABSOLUTE
    ../clib/angel/sys.s                      0x00000000   Number         0  tempstk.o ABSOLUTE
    ../clib/angel/sys.s                      0x00000000   Number         0  sys_stackheap_outer.o ABSOLUTE
    ../clib/angel/sys.s                      0x00000000   Number         0  use_no_semi.o ABSOLUTE
    ../clib/angel/sys.s                      0x00000000   Number         0  indicate_semi.o ABSOLUTE
    ../clib/angel/sysapp.c                   0x00000000   Number         0  sys_wrch.o ABSOLUTE
    ../clib/angel/sysapp.c                   0x00000000   Number         0  sys_exit.o ABSOLUTE
    ../clib/angel/sysapp.c                   0x00000000   Number         0  sys_command.o ABSOLUTE
    ../clib/armsys.c                         0x00000000   Number         0  argv_veneer.o ABSOLUTE
    ../clib/armsys.c                         0x00000000   Number         0  _get_argv_nomalloc.o ABSOLUTE
    ../clib/armsys.c                         0x00000000   Number         0  no_argv.o ABSOLUTE
    ../clib/division.s                       0x00000000   Number         0  aeabi_sdivfast_div0.o ABSOLUTE
    ../clib/division.s                       0x00000000   Number         0  aeabi_sdivfast.o ABSOLUTE
    ../clib/heapalloc.c                      0x00000000   Number         0  hrguard.o ABSOLUTE
    ../clib/heapaux.c                        0x00000000   Number         0  heapauxi.o ABSOLUTE
    ../clib/libinit.s                        0x00000000   Number         0  libinit.o ABSOLUTE
    ../clib/libinit.s                        0x00000000   Number         0  libshutdown.o ABSOLUTE
    ../clib/libinit.s                        0x00000000   Number         0  libinit2.o ABSOLUTE
    ../clib/libinit.s                        0x00000000   Number         0  libshutdown2.o ABSOLUTE
    ../clib/signal.c                         0x00000000   Number         0  defsig_fpe_formal.o ABSOLUTE
    ../clib/signal.c                         0x00000000   Number         0  defsig_fpe_outer.o ABSOLUTE
    ../clib/signal.c                         0x00000000   Number         0  defsig_cppl_inner.o ABSOLUTE
    ../clib/signal.c                         0x00000000   Number         0  defsig_other.o ABSOLUTE
    ../clib/signal.c                         0x00000000   Number         0  defsig_segv_inner.o ABSOLUTE
    ../clib/signal.c                         0x00000000   Number         0  __raise.o ABSOLUTE
    ../clib/signal.c                         0x00000000   Number         0  defsig_pvfn_inner.o ABSOLUTE
    ../clib/signal.c                         0x00000000   Number         0  defsig_stak_inner.o ABSOLUTE
    ../clib/signal.c                         0x00000000   Number         0  defsig_rtmem_formal.o ABSOLUTE
    ../clib/signal.c                         0x00000000   Number         0  defsig_rtmem_outer.o ABSOLUTE
    ../clib/signal.c                         0x00000000   Number         0  defsig_rtmem_inner.o ABSOLUTE
    ../clib/signal.c                         0x00000000   Number         0  defsig_rtred_inner.o ABSOLUTE
    ../clib/signal.c                         0x00000000   Number         0  defsig_abrt_inner.o ABSOLUTE
    ../clib/signal.c                         0x00000000   Number         0  defsig_general.o ABSOLUTE
    ../clib/signal.c                         0x00000000   Number         0  defsig_fpe_inner.o ABSOLUTE
    ../clib/signal.c                         0x00000000   Number         0  defsig_exit.o ABSOLUTE
    ../clib/signal.s                         0x00000000   Number         0  defsig.o ABSOLUTE
    ../clib/stdlib.c                         0x00000000   Number         0  exit.o ABSOLUTE
    ../fplib/cfplib/cmpret.c                 0x00000000   Number         0  cmpret.o ABSOLUTE
    ../fplib/cfplib/daddsub.c                0x00000000   Number         0  daddsub.o ABSOLUTE
    ../fplib/cfplib/dcmpin.c                 0x00000000   Number         0  dcmpin.o ABSOLUTE
    ../fplib/cfplib/ddiv.c                   0x00000000   Number         0  ddiv.o ABSOLUTE
    ../fplib/cfplib/dmul.c                   0x00000000   Number         0  dmul.o ABSOLUTE
    ../fplib/cfplib/fflt.c                   0x00000000   Number         0  dflti.o ABSOLUTE
    ../fplib/cfplib/fpinit.c                 0x00000000   Number         0  fpinit.o ABSOLUTE
    ../fplib/cfplib/nan2.c                   0x00000000   Number         0  dnan2.o ABSOLUTE
    ../fplib/cfplib/retnan.c                 0x00000000   Number         0  retnan.o ABSOLUTE
    ../fplib/deqf6m.s                        0x00000000   Number         0  deqf.o ABSOLUTE
    ../fplib/usenofp.s                       0x00000000   Number         0  usenofp.o ABSOLUTE
    RTE\Device\MKL25Z128xxx4\startup_MKL25Z4.s 0x00000000   Number         0  startup_mkl25z4.o ABSOLUTE
    RTE\Device\MKL25Z128xxx4\system_MKL25Z4.c 0x00000000   Number         0  system_mkl25z4.o ABSOLUTE
    RTE\\Device\\MKL25Z128xxx4\\system_MKL25Z4.c 0x00000000   Number         0  system_mkl25z4.o ABSOLUTE
    Source\LEDs.c                            0x00000000   Number         0  leds.o ABSOLUTE
    Source\SD_Server.c                       0x00000000   Number         0  sd_server.o ABSOLUTE
    Source\\LEDs.c                           0x00000000   Number         0  leds.o ABSOLUTE
    Source\\SD_Server.c                      0x00000000   Number         0  sd_server.o ABSOLUTE
    Source\\debug.c                          0x00000000   Number         0  debug.o ABSOLUTE
    Source\\main.c                           0x00000000   Number         0  main.o ABSOLUTE
    Source\\sd_io.c                          0x00000000   Number         0  sd_io.o ABSOLUTE
    Source\\spi_io.c                         0x00000000   Number         0  spi_io.o ABSOLUTE
    Source\debug.c                           0x00000000   Number         0  debug.o ABSOLUTE
    Source\main.c                            0x00000000   Number         0  main.o ABSOLUTE
    Source\sd_io.c                           0x00000000   Number         0  sd_io.o ABSOLUTE
    Source\spi_io.c                          0x00000000   Number         0  spi_io.o ABSOLUTE
    dc.s                                     0x00000000   Number         0  dc.o ABSOLUTE
    !!!main                                  0x000000c0   Section        8  __main.o(!!!main)
    !!!scatter                               0x000000c8   Section       60  __scatter.o(!!!scatter)
    !!handler_copy                           0x00000104   Section       26  __scatter_copy.o(!!handler_copy)
    !!handler_zi                             0x00000120   Section       28  __scatter_zi.o(!!handler_zi)
    .ARM.Collect$$libinit$$00000000          0x0000013c   Section        2  libinit.o(.ARM.Collect$$libinit$$00000000)
    .ARM.Collect$$libinit$$00000002          0x0000013e   Section        0  libinit2.o(.ARM.Collect$$libinit$$00000002)
    .ARM.Collect$$libinit$$00000004          0x0000013e   Section        0  libinit2.o(.ARM.Collect$$libinit$$00000004)
    .ARM.Collect$$libinit$$0000000A          0x0000013e   Section        0  libinit2.o(.ARM.Collect$$libinit$$0000000A)
    .ARM.Collect$$libinit$$0000000C          0x0000013e   Section        0  libinit2.o(.ARM.Collect$$libinit$$0000000C)
    .ARM.Collect$$libinit$$0000000E          0x0000013e   Section        0  libinit2.o(.ARM.Collect$$libinit$$0000000E)
    .ARM.Collect$$libinit$$00000011          0x0000013e   Section        0  libinit2.o(.ARM.Collect$$libinit$$00000011)
    .ARM.Collect$$libinit$$00000013          0x0000013e   Section        0  libinit2.o(.ARM.Collect$$libinit$$00000013)
    .ARM.Collect$$libinit$$00000015          0x0000013e   Section        0  libinit2.o(.ARM.Collect$$libinit$$00000015)
    .ARM.Collect$$libinit$$00000017          0x0000013e   Section        0  libinit2.o(.ARM.Collect$$libinit$$00000017)
    .ARM.Collect$$libinit$$00000019          0x0000013e   Section        0  libinit2.o(.ARM.Collect$$libinit$$00000019)
    .ARM.Collect$$libinit$$0000001B          0x0000013e   Section        0  libinit2.o(.ARM.Collect$$libinit$$0000001B)
    .ARM.Collect$$libinit$$0000001D          0x0000013e   Section        0  libinit2.o(.ARM.Collect$$libinit$$0000001D)
    .ARM.Collect$$libinit$$0000001F          0x0000013e   Section        0  libinit2.o(.ARM.Collect$$libinit$$0000001F)
    .ARM.Collect$$libinit$$00000021          0x0000013e   Section        0  libinit2.o(.ARM.Collect$$libinit$$00000021)
    .ARM.Collect$$libinit$$00000023          0x0000013e   Section        0  libinit2.o(.ARM.Collect$$libinit$$00000023)
    .ARM.Collect$$libinit$$00000025          0x0000013e   Section        0  libinit2.o(.ARM.Collect$$libinit$$00000025)
    .ARM.Collect$$libinit$$0000002C          0x0000013e   Section        0  libinit2.o(.ARM.Collect$$libinit$$0000002C)
    .ARM.Collect$$libinit$$0000002E          0x0000013e   Section        0  libinit2.o(.ARM.Collect$$libinit$$0000002E)
    .ARM.Collect$$libinit$$00000030          0x0000013e   Section        0  libinit2.o(.ARM.Collect$$libinit$$00000030)
    .ARM.Collect$$libinit$$00000032          0x0000013e   Section        0  libinit2.o(.ARM.Collect$$libinit$$00000032)
    .ARM.Collect$$libinit$$00000033          0x0000013e   Section        2  libinit2.o(.ARM.Collect$$libinit$$00000033)
    .ARM.Collect$$libshutdown$$00000000      0x00000140   Section        2  libshutdown.o(.ARM.Collect$$libshutdown$$00000000)
    .ARM.Collect$$libshutdown$$00000002      0x00000142   Section        0  libshutdown2.o(.ARM.Collect$$libshutdown$$00000002)
    .ARM.Collect$$libshutdown$$00000004      0x00000142   Section        0  libshutdown2.o(.ARM.Collect$$libshutdown$$00000004)
    .ARM.Collect$$libshutdown$$00000007      0x00000142   Section        0  libshutdown2.o(.ARM.Collect$$libshutdown$$00000007)
    .ARM.Collect$$libshutdown$$0000000A      0x00000142   Section        0  libshutdown2.o(.ARM.Collect$$libshutdown$$0000000A)
    .ARM.Collect$$libshutdown$$0000000C      0x00000142   Section        0  libshutdown2.o(.ARM.Collect$$libshutdown$$0000000C)
    .ARM.Collect$$libshutdown$$0000000F      0x00000142   Section        0  libshutdown2.o(.ARM.Collect$$libshutdown$$0000000F)
    .ARM.Collect$$libshutdown$$00000010      0x00000142   Section        2  libshutdown2.o(.ARM.Collect$$libshutdown$$00000010)
    .ARM.Collect$$rtentry$$00000000          0x00000144   Section        0  __rtentry.o(.ARM.Collect$$rtentry$$00000000)
    .ARM.Collect$$rtentry$$00000002          0x00000144   Section        0  __rtentry2.o(.ARM.Collect$$rtentry$$00000002)
    .ARM.Collect$$rtentry$$00000004          0x00000144   Section        6  __rtentry4.o(.ARM.Collect$$rtentry$$00000004)
    .ARM.Collect$$rtentry$$00000009          0x0000014a   Section        0  __rtentry2.o(.ARM.Collect$$rtentry$$00000009)
    .ARM.Collect$$rtentry$$0000000A          0x0000014a   Section        4  __rtentry2.o(.ARM.Collect$$rtentry$$0000000A)
    .ARM.Collect$$rtentry$$0000000C          0x0000014e   Section        0  __rtentry2.o(.ARM.Collect$$rtentry$$0000000C)
    .ARM.Collect$$rtentry$$0000000D          0x0000014e   Section        8  __rtentry2.o(.ARM.Collect$$rtentry$$0000000D)
    .ARM.Collect$$rtexit$$00000000           0x00000156   Section        2  rtexit.o(.ARM.Collect$$rtexit$$00000000)
    .ARM.Collect$$rtexit$$00000002           0x00000158   Section        0  rtexit2.o(.ARM.Collect$$rtexit$$00000002)
    .ARM.Collect$$rtexit$$00000003           0x00000158   Section        4  rtexit2.o(.ARM.Collect$$rtexit$$00000003)
    .ARM.Collect$$rtexit$$00000004           0x0000015c   Section        6  rtexit2.o(.ARM.Collect$$rtexit$$00000004)
    .text                                    0x00000164   Section       64  startup_mkl25z4.o(.text)
    .text                                    0x000001a4   Section        0  heapauxi.o(.text)
    .text                                    0x000001aa   Section        0  dflti.o(.text)
    .text                                    0x00000204   Section        0  dcmpin.o(.text)
    .text                                    0x00000294   Section        0  cmpret.o(.text)
    .text                                    0x000002c4   Section        0  dnan2.o(.text)
    .text                                    0x000002d8   Section       62  sys_stackheap_outer.o(.text)
    .text                                    0x00000316   Section        0  exit.o(.text)
    .text                                    0x00000326   Section        0  retnan.o(.text)
    .text                                    0x00000384   Section        8  libspace.o(.text)
    .text                                    0x0000038c   Section        0  sys_exit.o(.text)
    .text                                    0x00000398   Section        2  use_no_semi.o(.text)
    .text                                    0x0000039a   Section        0  indicate_semi.o(.text)
    i.Control_RGB_LEDs                       0x0000039c   Section        0  leds.o(i.Control_RGB_LEDs)
    i.SPI_CS_High                            0x000003d8   Section        0  spi_io.o(i.SPI_CS_High)
    i.SPI_CS_Low                             0x000003e8   Section        0  spi_io.o(i.SPI_CS_Low)
    x$fpl$usenofp                            0x000003f8   Section        0  usenofp.o(x$fpl$usenofp)
    .ARM.__at_0x400                          0x00000400   Section       16  startup_mkl25z4.o(.ARM.__at_0x400)
    .text                                    0x00000410   Section        0  daddsub.o(.text)
    _dadd1                                   0x00000411   Thumb Code   290  daddsub.o(.text)
    _dsub1                                   0x00000533   Thumb Code   470  daddsub.o(.text)
    .text                                    0x00000768   Section        0  ddiv.o(.text)
    .text                                    0x00000bb0   Section        0  dmul.o(.text)
    i.Init_Debug_Signals                     0x00000df8   Section        0  debug.o(i.Init_Debug_Signals)
    i.Init_RGB_LEDs                          0x00000e7c   Section        0  leds.o(i.Init_RGB_LEDs)
    i.SD_Init                                0x00000ee4   Section        0  sd_io.o(i.SD_Init)
    i.SD_Read                                0x000012dc   Section        0  sd_io.o(i.SD_Read)
    i.SD_Write                               0x00001468   Section        0  sd_io.o(i.SD_Write)
    i.SPI_Freq_High                          0x000015cc   Section        0  spi_io.o(i.SPI_Freq_High)
    i.SPI_Freq_Low                           0x000015d8   Section        0  spi_io.o(i.SPI_Freq_Low)
    i.SPI_Init                               0x000015e4   Section        0  spi_io.o(i.SPI_Init)
    i.SPI_RW                                 0x00001638   Section        0  spi_io.o(i.SPI_RW)
    i.SPI_Release                            0x00001650   Section        0  spi_io.o(i.SPI_Release)
    i.SPI_Timer_Off                          0x0000166c   Section        0  spi_io.o(i.SPI_Timer_Off)
    i.SPI_Timer_On                           0x00001678   Section        0  spi_io.o(i.SPI_Timer_On)
    i.SPI_Timer_Status                       0x0000169c   Section        0  spi_io.o(i.SPI_Timer_Status)
    i.Scheduler                              0x000016ac   Section        0  main.o(i.Scheduler)
    i.SystemInit                             0x000016bc   Section        0  system_mkl25z4.o(i.SystemInit)
    i.Task_Makework                          0x000017a4   Section        0  main.o(i.Task_Makework)
    i.Task_SD_Server                         0x0000184c   Section        0  sd_server.o(i.Task_SD_Server)
    i.Task_Test_SD                           0x00001968   Section        0  main.o(i.Task_Test_SD)
    i.Update_Trans                           0x00001b30   Section        0  sd_server.o(i.Update_Trans)
    i.__SD_Power_Of_Two                      0x00001b3a   Section        0  sd_io.o(i.__SD_Power_Of_Two)
    i.__SD_Sectors                           0x00001b50   Section        0  sd_io.o(i.__SD_Sectors)
    i.__SD_Send_Cmd                          0x00001c04   Section        0  sd_io.o(i.__SD_Send_Cmd)
    i.__SD_Speed_Transfer                    0x00001c88   Section        0  sd_io.o(i.__SD_Speed_Transfer)
    i.main                                   0x00001c9a   Section        0  main.o(i.main)
    x$fpl$deqf                               0x00001cb0   Section      100  deqf.o(x$fpl$deqf)
    .constdata                               0x00001d14   Section      128  ddiv.o(.constdata)
    ddiv_reciptbl                            0x00001d14   Data         128  ddiv.o(.constdata)
    .data                                    0x1ffff000   Section       40  main.o(.data)
    next_state                               0x1ffff000   Data           1  main.o(.data)
    n                                        0x1ffff004   Data           4  main.o(.data)
    done                                     0x1ffff008   Data           4  main.o(.data)
    i                                        0x1ffff00c   Data           4  main.o(.data)
    sector_num                               0x1ffff010   Data           4  main.o(.data)
    read_sector_count                        0x1ffff014   Data           4  main.o(.data)
    sum                                      0x1ffff018   Data           4  main.o(.data)
    my_pi                                    0x1ffff020   Data           8  main.o(.data)
    .data                                    0x1ffff028   Section       40  sd_io.o(.data)
    n                                        0x1ffff028   Data           1  sd_io.o(.data)
    k                                        0x1ffff029   Data           1  sd_io.o(.data)
    cmd                                      0x1ffff02a   Data           1  sd_io.o(.data)
    ct                                       0x1ffff02b   Data           1  sd_io.o(.data)
    idx                                      0x1ffff02c   Data           1  sd_io.o(.data)
    init_trys                                0x1ffff02d   Data           1  sd_io.o(.data)
    in_states                                0x1ffff02e   Data           1  sd_io.o(.data)
    res                                      0x1ffff02f   Data           1  sd_io.o(.data)
    tkn                                      0x1ffff030   Data           1  sd_io.o(.data)
    data                                     0x1ffff031   Data           1  sd_io.o(.data)
    rn_state                                 0x1ffff032   Data           1  sd_io.o(.data)
    line                                     0x1ffff033   Data           1  sd_io.o(.data)
    n_state                                  0x1ffff034   Data           1  sd_io.o(.data)
    byte_num                                 0x1ffff036   Data           2  sd_io.o(.data)
    idx                                      0x1ffff038   Data           2  sd_io.o(.data)
    idle_busy_status                         0x1ffff03c   Data           4  sd_io.o(.data)
    read_status                              0x1ffff040   Data           4  sd_io.o(.data)
    in_status                                0x1ffff044   Data           4  sd_io.o(.data)
    ocr                                      0x1ffff048   Data           4  sd_io.o(.data)
    pointer                                  0x1ffff04c   Data           4  sd_io.o(.data)
    .data                                    0x1ffff050   Section        4  sd_io.o(.data)
    .data                                    0x1ffff054   Section        4  sd_io.o(.data)
    .data                                    0x1ffff058   Section        4  sd_io.o(.data)
    .data                                    0x1ffff05c   Section        6  sd_server.o(.data)
    next_state                               0x1ffff05c   Data           1  sd_server.o(.data)
    res                                      0x1ffff05d   Data           1  sd_server.o(.data)
    .bss                                     0x1ffff064   Section      524  main.o(.bss)
    dev                                      0x1ffff064   Data          12  main.o(.bss)
    buffer                                   0x1ffff070   Data         512  main.o(.bss)
    .bss                                     0x1ffff270   Section       40  sd_server.o(.bss)
    cur_trans                                0x1ffff284   Data          20  sd_server.o(.bss)
    .bss                                     0x1ffff298   Section       96  libspace.o(.bss)
    HEAP                                     0x1ffff2f8   Section        0  startup_mkl25z4.o(HEAP)
    STACK                                    0x1ffff2f8   Section     1024  startup_mkl25z4.o(STACK)
    Heap_Mem                                 0x1ffff2f8   Data           0  startup_mkl25z4.o(HEAP)
    Stack_Mem                                0x1ffff2f8   Data        1024  startup_mkl25z4.o(STACK)
    __initial_sp                             0x1ffff6f8   Data           0  startup_mkl25z4.o(STACK)

    Global Symbols

    Symbol Name                              Value     Ov Type        Size  Object(Section)

    BuildAttributes$$THM_ISAv3M$S$PE$A:L22$X:L11$S22$IEEE1$IW$USESV6$~STKCKD$USESV7$~SHL$OTIME$ROPI$EBA8$UX$STANDARDLIB$REQ8$PRES8$EABIv2 0x00000000   Number         0  anon$$obj.o ABSOLUTE
    __ARM_use_no_argv                        0x00000000   Number         0  main.o ABSOLUTE
    __Vectors                                0x00000000   Data           4  startup_mkl25z4.o(RESET)
    __ARM_exceptions_init                     - Undefined Weak Reference
    __alloca_initialize                       - Undefined Weak Reference
    __arm_preinit_                            - Undefined Weak Reference
    __cpp_initialize__aeabi_                  - Undefined Weak Reference
    __cxa_finalize                            - Undefined Weak Reference
    __rt_locale                               - Undefined Weak Reference
    __sigvec_lookup                           - Undefined Weak Reference
    _atexit_init                              - Undefined Weak Reference
    _call_atexit_fns                          - Undefined Weak Reference
    _clock_init                               - Undefined Weak Reference
    _fp_trap_init                             - Undefined Weak Reference
    _fp_trap_shutdown                         - Undefined Weak Reference
    _get_lc_collate                           - Undefined Weak Reference
    _get_lc_ctype                             - Undefined Weak Reference
    _get_lc_monetary                          - Undefined Weak Reference
    _get_lc_numeric                           - Undefined Weak Reference
    _get_lc_time                              - Undefined Weak Reference
    _getenv_init                              - Undefined Weak Reference
    _handle_redirection                       - Undefined Weak Reference
    _init_alloc                               - Undefined Weak Reference
    _init_user_alloc                          - Undefined Weak Reference
    _initio                                   - Undefined Weak Reference
    _rand_init                                - Undefined Weak Reference
    _signal_finish                            - Undefined Weak Reference
    _signal_init                              - Undefined Weak Reference
    _terminate_alloc                          - Undefined Weak Reference
    _terminate_user_alloc                     - Undefined Weak Reference
    _terminateio                              - Undefined Weak Reference
    __Vectors_End                            0x000000c0   Data           0  startup_mkl25z4.o(RESET)
    __Vectors_Size                           0x000000c0   Number         0  startup_mkl25z4.o ABSOLUTE
    __main                                   0x000000c1   Thumb Code     8  __main.o(!!!main)
    __scatterload                            0x000000c9   Thumb Code     0  __scatter.o(!!!scatter)
    __scatterload_rt2                        0x000000c9   Thumb Code    52  __scatter.o(!!!scatter)
    __scatterload_rt2_thumb_only             0x000000c9   Thumb Code     0  __scatter.o(!!!scatter)
    __scatterload_null                       0x000000d9   Thumb Code     0  __scatter.o(!!!scatter)
    __scatterload_copy                       0x00000105   Thumb Code    26  __scatter_copy.o(!!handler_copy)
    __scatterload_zeroinit                   0x00000121   Thumb Code    28  __scatter_zi.o(!!handler_zi)
    __rt_lib_init                            0x0000013d   Thumb Code     0  libinit.o(.ARM.Collect$$libinit$$00000000)
    __rt_lib_init_alloca_1                   0x0000013f   Thumb Code     0  libinit2.o(.ARM.Collect$$libinit$$0000002E)
    __rt_lib_init_argv_1                     0x0000013f   Thumb Code     0  libinit2.o(.ARM.Collect$$libinit$$0000002C)
    __rt_lib_init_atexit_1                   0x0000013f   Thumb Code     0  libinit2.o(.ARM.Collect$$libinit$$0000001B)
    __rt_lib_init_clock_1                    0x0000013f   Thumb Code     0  libinit2.o(.ARM.Collect$$libinit$$00000021)
    __rt_lib_init_cpp_1                      0x0000013f   Thumb Code     0  libinit2.o(.ARM.Collect$$libinit$$00000032)
    __rt_lib_init_exceptions_1               0x0000013f   Thumb Code     0  libinit2.o(.ARM.Collect$$libinit$$00000030)
    __rt_lib_init_fp_1                       0x0000013f   Thumb Code     0  libinit2.o(.ARM.Collect$$libinit$$00000002)
    __rt_lib_init_fp_trap_1                  0x0000013f   Thumb Code     0  libinit2.o(.ARM.Collect$$libinit$$0000001F)
    __rt_lib_init_getenv_1                   0x0000013f   Thumb Code     0  libinit2.o(.ARM.Collect$$libinit$$00000023)
    __rt_lib_init_heap_1                     0x0000013f   Thumb Code     0  libinit2.o(.ARM.Collect$$libinit$$0000000A)
    __rt_lib_init_lc_collate_1               0x0000013f   Thumb Code     0  libinit2.o(.ARM.Collect$$libinit$$00000011)
    __rt_lib_init_lc_ctype_1                 0x0000013f   Thumb Code     0  libinit2.o(.ARM.Collect$$libinit$$00000013)
    __rt_lib_init_lc_monetary_1              0x0000013f   Thumb Code     0  libinit2.o(.ARM.Collect$$libinit$$00000015)
    __rt_lib_init_lc_numeric_1               0x0000013f   Thumb Code     0  libinit2.o(.ARM.Collect$$libinit$$00000017)
    __rt_lib_init_lc_time_1                  0x0000013f   Thumb Code     0  libinit2.o(.ARM.Collect$$libinit$$00000019)
    __rt_lib_init_preinit_1                  0x0000013f   Thumb Code     0  libinit2.o(.ARM.Collect$$libinit$$00000004)
    __rt_lib_init_rand_1                     0x0000013f   Thumb Code     0  libinit2.o(.ARM.Collect$$libinit$$0000000E)
    __rt_lib_init_return                     0x0000013f   Thumb Code     0  libinit2.o(.ARM.Collect$$libinit$$00000033)
    __rt_lib_init_signal_1                   0x0000013f   Thumb Code     0  libinit2.o(.ARM.Collect$$libinit$$0000001D)
    __rt_lib_init_stdio_1                    0x0000013f   Thumb Code     0  libinit2.o(.ARM.Collect$$libinit$$00000025)
    __rt_lib_init_user_alloc_1               0x0000013f   Thumb Code     0  libinit2.o(.ARM.Collect$$libinit$$0000000C)
    __rt_lib_shutdown                        0x00000141   Thumb Code     0  libshutdown.o(.ARM.Collect$$libshutdown$$00000000)
    __rt_lib_shutdown_cpp_1                  0x00000143   Thumb Code     0  libshutdown2.o(.ARM.Collect$$libshutdown$$00000002)
    __rt_lib_shutdown_fp_trap_1              0x00000143   Thumb Code     0  libshutdown2.o(.ARM.Collect$$libshutdown$$00000007)
    __rt_lib_shutdown_heap_1                 0x00000143   Thumb Code     0  libshutdown2.o(.ARM.Collect$$libshutdown$$0000000F)
    __rt_lib_shutdown_return                 0x00000143   Thumb Code     0  libshutdown2.o(.ARM.Collect$$libshutdown$$00000010)
    __rt_lib_shutdown_signal_1               0x00000143   Thumb Code     0  libshutdown2.o(.ARM.Collect$$libshutdown$$0000000A)
    __rt_lib_shutdown_stdio_1                0x00000143   Thumb Code     0  libshutdown2.o(.ARM.Collect$$libshutdown$$00000004)
    __rt_lib_shutdown_user_alloc_1           0x00000143   Thumb Code     0  libshutdown2.o(.ARM.Collect$$libshutdown$$0000000C)
    __rt_entry                               0x00000145   Thumb Code     0  __rtentry.o(.ARM.Collect$$rtentry$$00000000)
    __rt_entry_presh_1                       0x00000145   Thumb Code     0  __rtentry2.o(.ARM.Collect$$rtentry$$00000002)
    __rt_entry_sh                            0x00000145   Thumb Code     0  __rtentry4.o(.ARM.Collect$$rtentry$$00000004)
    __rt_entry_li                            0x0000014b   Thumb Code     0  __rtentry2.o(.ARM.Collect$$rtentry$$0000000A)
    __rt_entry_postsh_1                      0x0000014b   Thumb Code     0  __rtentry2.o(.ARM.Collect$$rtentry$$00000009)
    __rt_entry_main                          0x0000014f   Thumb Code     0  __rtentry2.o(.ARM.Collect$$rtentry$$0000000D)
    __rt_entry_postli_1                      0x0000014f   Thumb Code     0  __rtentry2.o(.ARM.Collect$$rtentry$$0000000C)
    __rt_exit                                0x00000157   Thumb Code     0  rtexit.o(.ARM.Collect$$rtexit$$00000000)
    __rt_exit_ls                             0x00000159   Thumb Code     0  rtexit2.o(.ARM.Collect$$rtexit$$00000003)
    __rt_exit_prels_1                        0x00000159   Thumb Code     0  rtexit2.o(.ARM.Collect$$rtexit$$00000002)
    __rt_exit_exit                           0x0000015d   Thumb Code     0  rtexit2.o(.ARM.Collect$$rtexit$$00000004)
    Reset_Handler                            0x00000165   Thumb Code    12  startup_mkl25z4.o(.text)
    NMI_Handler                              0x00000171   Thumb Code     2  startup_mkl25z4.o(.text)
    HardFault_Handler                        0x00000173   Thumb Code     2  startup_mkl25z4.o(.text)
    SVC_Handler                              0x00000175   Thumb Code     2  startup_mkl25z4.o(.text)
    PendSV_Handler                           0x00000177   Thumb Code     2  startup_mkl25z4.o(.text)
    SysTick_Handler                          0x00000179   Thumb Code     2  startup_mkl25z4.o(.text)
    ADC0_IRQHandler                          0x0000017b   Thumb Code     0  startup_mkl25z4.o(.text)
    CMP0_IRQHandler                          0x0000017b   Thumb Code     0  startup_mkl25z4.o(.text)
    DAC0_IRQHandler                          0x0000017b   Thumb Code     0  startup_mkl25z4.o(.text)
    DMA0_IRQHandler                          0x0000017b   Thumb Code     0  startup_mkl25z4.o(.text)
    DMA1_IRQHandler                          0x0000017b   Thumb Code     0  startup_mkl25z4.o(.text)
    DMA2_IRQHandler                          0x0000017b   Thumb Code     0  startup_mkl25z4.o(.text)
    DMA3_IRQHandler                          0x0000017b   Thumb Code     0  startup_mkl25z4.o(.text)
    DefaultISR                               0x0000017b   Thumb Code     0  startup_mkl25z4.o(.text)
    FTFA_IRQHandler                          0x0000017b   Thumb Code     0  startup_mkl25z4.o(.text)
    I2C0_IRQHandler                          0x0000017b   Thumb Code     0  startup_mkl25z4.o(.text)
    I2C1_IRQHandler                          0x0000017b   Thumb Code     0  startup_mkl25z4.o(.text)
    LLWU_IRQHandler                          0x0000017b   Thumb Code     0  startup_mkl25z4.o(.text)
    LPTMR0_IRQHandler                        0x0000017b   Thumb Code     0  startup_mkl25z4.o(.text)
    LVD_LVW_IRQHandler                       0x0000017b   Thumb Code     0  startup_mkl25z4.o(.text)
    MCG_IRQHandler                           0x0000017b   Thumb Code     0  startup_mkl25z4.o(.text)
    PIT_IRQHandler                           0x0000017b   Thumb Code     0  startup_mkl25z4.o(.text)
    PORTA_IRQHandler                         0x0000017b   Thumb Code     0  startup_mkl25z4.o(.text)
    PORTD_IRQHandler                         0x0000017b   Thumb Code     0  startup_mkl25z4.o(.text)
    RTC_IRQHandler                           0x0000017b   Thumb Code     0  startup_mkl25z4.o(.text)
    RTC_Seconds_IRQHandler                   0x0000017b   Thumb Code     0  startup_mkl25z4.o(.text)
    Reserved20_IRQHandler                    0x0000017b   Thumb Code     0  startup_mkl25z4.o(.text)
    Reserved39_IRQHandler                    0x0000017b   Thumb Code     0  startup_mkl25z4.o(.text)
    Reserved45_IRQHandler                    0x0000017b   Thumb Code     0  startup_mkl25z4.o(.text)
    SPI0_IRQHandler                          0x0000017b   Thumb Code     0  startup_mkl25z4.o(.text)
    SPI1_IRQHandler                          0x0000017b   Thumb Code     0  startup_mkl25z4.o(.text)
    TPM0_IRQHandler                          0x0000017b   Thumb Code     0  startup_mkl25z4.o(.text)
    TPM1_IRQHandler                          0x0000017b   Thumb Code     0  startup_mkl25z4.o(.text)
    TPM2_IRQHandler                          0x0000017b   Thumb Code     0  startup_mkl25z4.o(.text)
    TSI0_IRQHandler                          0x0000017b   Thumb Code     0  startup_mkl25z4.o(.text)
    UART0_IRQHandler                         0x0000017b   Thumb Code     0  startup_mkl25z4.o(.text)
    UART1_IRQHandler                         0x0000017b   Thumb Code     0  startup_mkl25z4.o(.text)
    UART2_IRQHandler                         0x0000017b   Thumb Code     0  startup_mkl25z4.o(.text)
    USB0_IRQHandler                          0x0000017b   Thumb Code     0  startup_mkl25z4.o(.text)
    __user_initial_stackheap                 0x00000181   Thumb Code     0  startup_mkl25z4.o(.text)
    __use_two_region_memory                  0x000001a5   Thumb Code     2  heapauxi.o(.text)
    __rt_heap_escrow$2region                 0x000001a7   Thumb Code     2  heapauxi.o(.text)
    __rt_heap_expand$2region                 0x000001a9   Thumb Code     2  heapauxi.o(.text)
    __aeabi_i2d_normalise                    0x000001ab   Thumb Code    66  dflti.o(.text)
    __aeabi_i2d                              0x000001ed   Thumb Code    16  dflti.o(.text)
    _dflt                                    0x000001ed   Thumb Code     0  dflti.o(.text)
    __aeabi_ui2d                             0x000001fd   Thumb Code     6  dflti.o(.text)
    _dfltu                                   0x000001fd   Thumb Code     0  dflti.o(.text)
    __fpl_dcmp_InfNaN                        0x00000205   Thumb Code   140  dcmpin.o(.text)
    __fpl_cmpreturn                          0x00000295   Thumb Code    46  cmpret.o(.text)
    __fpl_dcheck_NaN2                        0x000002c5   Thumb Code    14  dnan2.o(.text)
    __user_setup_stackheap                   0x000002d9   Thumb Code    62  sys_stackheap_outer.o(.text)
    exit                                     0x00000317   Thumb Code    16  exit.o(.text)
    __fpl_return_NaN                         0x00000327   Thumb Code    94  retnan.o(.text)
    __user_libspace                          0x00000385   Thumb Code     8  libspace.o(.text)
    __user_perproc_libspace                  0x00000385   Thumb Code     0  libspace.o(.text)
    __user_perthread_libspace                0x00000385   Thumb Code     0  libspace.o(.text)
    _sys_exit                                0x0000038d   Thumb Code     8  sys_exit.o(.text)
    __I$use$semihosting                      0x00000399   Thumb Code     0  use_no_semi.o(.text)
    __use_no_semihosting_swi                 0x00000399   Thumb Code     2  use_no_semi.o(.text)
    __semihosting_library_function           0x0000039b   Thumb Code     0  indicate_semi.o(.text)
    Control_RGB_LEDs                         0x0000039d   Thumb Code    52  leds.o(i.Control_RGB_LEDs)
    SPI_CS_High                              0x000003d9   Thumb Code    12  spi_io.o(i.SPI_CS_High)
    SPI_CS_Low                               0x000003e9   Thumb Code    12  spi_io.o(i.SPI_CS_Low)
    __I$use$fp                               0x000003f8   Number         0  usenofp.o(x$fpl$usenofp)
    __aeabi_dadd                             0x00000709   Thumb Code     0  daddsub.o(.text)
    _dadd                                    0x00000709   Thumb Code    26  daddsub.o(.text)
    __aeabi_dsub                             0x00000723   Thumb Code     0  daddsub.o(.text)
    _dsub                                    0x00000723   Thumb Code    22  daddsub.o(.text)
    __aeabi_drsub                            0x00000739   Thumb Code     0  daddsub.o(.text)
    _drsb                                    0x00000739   Thumb Code    28  daddsub.o(.text)
    __aeabi_ddiv                             0x00000769   Thumb Code     0  ddiv.o(.text)
    _ddiv                                    0x00000769   Thumb Code  1072  ddiv.o(.text)
    _drdiv                                   0x00000b99   Thumb Code    20  ddiv.o(.text)
    __aeabi_dmul                             0x00000bb1   Thumb Code     0  dmul.o(.text)
    _dmul                                    0x00000bb1   Thumb Code   558  dmul.o(.text)
    Init_Debug_Signals                       0x00000df9   Thumb Code   116  debug.o(i.Init_Debug_Signals)
    Init_RGB_LEDs                            0x00000e7d   Thumb Code    82  leds.o(i.Init_RGB_LEDs)
    SD_Init                                  0x00000ee5   Thumb Code  1016  sd_io.o(i.SD_Init)
    SD_Read                                  0x000012dd   Thumb Code   384  sd_io.o(i.SD_Read)
    SD_Write                                 0x00001469   Thumb Code   348  sd_io.o(i.SD_Write)
    SPI_Freq_High                            0x000015cd   Thumb Code     8  spi_io.o(i.SPI_Freq_High)
    SPI_Freq_Low                             0x000015d9   Thumb Code     8  spi_io.o(i.SPI_Freq_Low)
    SPI_Init                                 0x000015e5   Thumb Code    64  spi_io.o(i.SPI_Init)
    SPI_RW                                   0x00001639   Thumb Code    20  spi_io.o(i.SPI_RW)
    SPI_Release                              0x00001651   Thumb Code    28  spi_io.o(i.SPI_Release)
    SPI_Timer_Off                            0x0000166d   Thumb Code     8  spi_io.o(i.SPI_Timer_Off)
    SPI_Timer_On                             0x00001679   Thumb Code    26  spi_io.o(i.SPI_Timer_On)
    SPI_Timer_Status                         0x0000169d   Thumb Code    12  spi_io.o(i.SPI_Timer_Status)
    Scheduler                                0x000016ad   Thumb Code    14  main.o(i.Scheduler)
    SystemInit                               0x000016bd   Thumb Code   184  system_mkl25z4.o(i.SystemInit)
    Task_Makework                            0x000017a5   Thumb Code   156  main.o(i.Task_Makework)
    Task_SD_Server                           0x0000184d   Thumb Code   252  sd_server.o(i.Task_SD_Server)
    Task_Test_SD                             0x00001969   Thumb Code   428  main.o(i.Task_Test_SD)
    Update_Trans                             0x00001b31   Thumb Code    10  sd_server.o(i.Update_Trans)
    __SD_Power_Of_Two                        0x00001b3b   Thumb Code    22  sd_io.o(i.__SD_Power_Of_Two)
    __SD_Sectors                             0x00001b51   Thumb Code   180  sd_io.o(i.__SD_Sectors)
    __SD_Send_Cmd                            0x00001c05   Thumb Code   132  sd_io.o(i.__SD_Send_Cmd)
    __SD_Speed_Transfer                      0x00001c89   Thumb Code    18  sd_io.o(i.__SD_Speed_Transfer)
    main                                     0x00001c9b   Thumb Code    22  main.o(i.main)
    __aeabi_cdcmpeq                          0x00001cb1   Thumb Code     0  deqf.o(x$fpl$deqf)
    _dcmpeq                                  0x00001cb1   Thumb Code    94  deqf.o(x$fpl$deqf)
    Region$$Table$$Base                      0x00001d94   Number         0  anon$$obj.o(Region$$Table)
    Region$$Table$$Limit                     0x00001db4   Number         0  anon$$obj.o(Region$$Table)
    rstatus                                  0x1ffff050   Data           4  sd_io.o(.data)
    status                                   0x1ffff054   Data           4  sd_io.o(.data)
    instatus                                 0x1ffff058   Data           4  sd_io.o(.data)
    Req_to_State                             0x1ffff05e   Data           4  sd_server.o(.data)
    g_trans                                  0x1ffff270   Data          20  sd_server.o(.bss)
    __libspace_start                         0x1ffff298   Data          96  libspace.o(.bss)
    __temporary_stack_top$libspace           0x1ffff2f8   Data           0  libspace.o(.bss)



==============================================================================

Memory Map of the image

  Image Entry point : 0x000000c1

  Load Region LR_IROM1 (Base: 0x00000000, Size: 0x00001e18, Max: 0x00020000, ABSOLUTE)

    Execution Region ER_IROM1 (Exec base: 0x00000000, Load base: 0x00000000, Size: 0x00001db4, Max: 0x00020000, ABSOLUTE)

    Exec Addr    Load Addr    Size         Type   Attr      Idx    E Section Name        Object

    0x00000000   0x00000000   0x000000c0   Data   RO          329    RESET               startup_mkl25z4.o
    0x000000c0   0x000000c0   0x00000008   Code   RO          377  * !!!main             c_p.l(__main.o)
    0x000000c8   0x000000c8   0x0000003c   Code   RO          566    !!!scatter          c_p.l(__scatter.o)
    0x00000104   0x00000104   0x0000001a   Code   RO          568    !!handler_copy      c_p.l(__scatter_copy.o)
    0x0000011e   0x0000011e   0x00000002   PAD
    0x00000120   0x00000120   0x0000001c   Code   RO          570    !!handler_zi        c_p.l(__scatter_zi.o)
    0x0000013c   0x0000013c   0x00000002   Code   RO          433    .ARM.Collect$$libinit$$00000000  c_p.l(libinit.o)
    0x0000013e   0x0000013e   0x00000000   Code   RO          449    .ARM.Collect$$libinit$$00000002  c_p.l(libinit2.o)
    0x0000013e   0x0000013e   0x00000000   Code   RO          451    .ARM.Collect$$libinit$$00000004  c_p.l(libinit2.o)
    0x0000013e   0x0000013e   0x00000000   Code   RO          454    .ARM.Collect$$libinit$$0000000A  c_p.l(libinit2.o)
    0x0000013e   0x0000013e   0x00000000   Code   RO          456    .ARM.Collect$$libinit$$0000000C  c_p.l(libinit2.o)
    0x0000013e   0x0000013e   0x00000000   Code   RO          458    .ARM.Collect$$libinit$$0000000E  c_p.l(libinit2.o)
    0x0000013e   0x0000013e   0x00000000   Code   RO          461    .ARM.Collect$$libinit$$00000011  c_p.l(libinit2.o)
    0x0000013e   0x0000013e   0x00000000   Code   RO          463    .ARM.Collect$$libinit$$00000013  c_p.l(libinit2.o)
    0x0000013e   0x0000013e   0x00000000   Code   RO          465    .ARM.Collect$$libinit$$00000015  c_p.l(libinit2.o)
    0x0000013e   0x0000013e   0x00000000   Code   RO          467    .ARM.Collect$$libinit$$00000017  c_p.l(libinit2.o)
    0x0000013e   0x0000013e   0x00000000   Code   RO          469    .ARM.Collect$$libinit$$00000019  c_p.l(libinit2.o)
    0x0000013e   0x0000013e   0x00000000   Code   RO          471    .ARM.Collect$$libinit$$0000001B  c_p.l(libinit2.o)
    0x0000013e   0x0000013e   0x00000000   Code   RO          473    .ARM.Collect$$libinit$$0000001D  c_p.l(libinit2.o)
    0x0000013e   0x0000013e   0x00000000   Code   RO          475    .ARM.Collect$$libinit$$0000001F  c_p.l(libinit2.o)
    0x0000013e   0x0000013e   0x00000000   Code   RO          477    .ARM.Collect$$libinit$$00000021  c_p.l(libinit2.o)
    0x0000013e   0x0000013e   0x00000000   Code   RO          479    .ARM.Collect$$libinit$$00000023  c_p.l(libinit2.o)
    0x0000013e   0x0000013e   0x00000000   Code   RO          481    .ARM.Collect$$libinit$$00000025  c_p.l(libinit2.o)
    0x0000013e   0x0000013e   0x00000000   Code   RO          485    .ARM.Collect$$libinit$$0000002C  c_p.l(libinit2.o)
    0x0000013e   0x0000013e   0x00000000   Code   RO          487    .ARM.Collect$$libinit$$0000002E  c_p.l(libinit2.o)
    0x0000013e   0x0000013e   0x00000000   Code   RO          489    .ARM.Collect$$libinit$$00000030  c_p.l(libinit2.o)
    0x0000013e   0x0000013e   0x00000000   Code   RO          491    .ARM.Collect$$libinit$$00000032  c_p.l(libinit2.o)
    0x0000013e   0x0000013e   0x00000002   Code   RO          492    .ARM.Collect$$libinit$$00000033  c_p.l(libinit2.o)
    0x00000140   0x00000140   0x00000002   Code   RO          523    .ARM.Collect$$libshutdown$$00000000  c_p.l(libshutdown.o)
    0x00000142   0x00000142   0x00000000   Code   RO          549    .ARM.Collect$$libshutdown$$00000002  c_p.l(libshutdown2.o)
    0x00000142   0x00000142   0x00000000   Code   RO          551    .ARM.Collect$$libshutdown$$00000004  c_p.l(libshutdown2.o)
    0x00000142   0x00000142   0x00000000   Code   RO          554    .ARM.Collect$$libshutdown$$00000007  c_p.l(libshutdown2.o)
    0x00000142   0x00000142   0x00000000   Code   RO          557    .ARM.Collect$$libshutdown$$0000000A  c_p.l(libshutdown2.o)
    0x00000142   0x00000142   0x00000000   Code   RO          559    .ARM.Collect$$libshutdown$$0000000C  c_p.l(libshutdown2.o)
    0x00000142   0x00000142   0x00000000   Code   RO          562    .ARM.Collect$$libshutdown$$0000000F  c_p.l(libshutdown2.o)
    0x00000142   0x00000142   0x00000002   Code   RO          563    .ARM.Collect$$libshutdown$$00000010  c_p.l(libshutdown2.o)
    0x00000144   0x00000144   0x00000000   Code   RO          390    .ARM.Collect$$rtentry$$00000000  c_p.l(__rtentry.o)
    0x00000144   0x00000144   0x00000000   Code   RO          399    .ARM.Collect$$rtentry$$00000002  c_p.l(__rtentry2.o)
    0x00000144   0x00000144   0x00000006   Code   RO          411    .ARM.Collect$$rtentry$$00000004  c_p.l(__rtentry4.o)
    0x0000014a   0x0000014a   0x00000000   Code   RO          401    .ARM.Collect$$rtentry$$00000009  c_p.l(__rtentry2.o)
    0x0000014a   0x0000014a   0x00000004   Code   RO          402    .ARM.Collect$$rtentry$$0000000A  c_p.l(__rtentry2.o)
    0x0000014e   0x0000014e   0x00000000   Code   RO          404    .ARM.Collect$$rtentry$$0000000C  c_p.l(__rtentry2.o)
    0x0000014e   0x0000014e   0x00000008   Code   RO          405    .ARM.Collect$$rtentry$$0000000D  c_p.l(__rtentry2.o)
    0x00000156   0x00000156   0x00000002   Code   RO          440    .ARM.Collect$$rtexit$$00000000  c_p.l(rtexit.o)
    0x00000158   0x00000158   0x00000000   Code   RO          496    .ARM.Collect$$rtexit$$00000002  c_p.l(rtexit2.o)
    0x00000158   0x00000158   0x00000004   Code   RO          497    .ARM.Collect$$rtexit$$00000003  c_p.l(rtexit2.o)
    0x0000015c   0x0000015c   0x00000006   Code   RO          498    .ARM.Collect$$rtexit$$00000004  c_p.l(rtexit2.o)
    0x00000162   0x00000162   0x00000002   PAD
    0x00000164   0x00000164   0x00000040   Code   RO          331    .text               startup_mkl25z4.o
    0x000001a4   0x000001a4   0x00000006   Code   RO          375    .text               c_p.l(heapauxi.o)
    0x000001aa   0x000001aa   0x00000058   Code   RO          386    .text               fz_ps.l(dflti.o)
    0x00000202   0x00000202   0x00000002   PAD
    0x00000204   0x00000204   0x00000090   Code   RO          395    .text               fz_ps.l(dcmpin.o)
    0x00000294   0x00000294   0x0000002e   Code   RO          415    .text               fz_ps.l(cmpret.o)
    0x000002c2   0x000002c2   0x00000002   PAD
    0x000002c4   0x000002c4   0x00000014   Code   RO          417    .text               fz_ps.l(dnan2.o)
    0x000002d8   0x000002d8   0x0000003e   Code   RO          419    .text               c_p.l(sys_stackheap_outer.o)
    0x00000316   0x00000316   0x00000010   Code   RO          422    .text               c_p.l(exit.o)
    0x00000326   0x00000326   0x0000005e   Code   RO          434    .text               fz_ps.l(retnan.o)
    0x00000384   0x00000384   0x00000008   Code   RO          436    .text               c_p.l(libspace.o)
    0x0000038c   0x0000038c   0x0000000c   Code   RO          493    .text               c_p.l(sys_exit.o)
    0x00000398   0x00000398   0x00000002   Code   RO          512    .text               c_p.l(use_no_semi.o)
    0x0000039a   0x0000039a   0x00000000   Code   RO          514    .text               c_p.l(indicate_semi.o)
    0x0000039a   0x0000039a   0x00000002   PAD
    0x0000039c   0x0000039c   0x0000003c   Code   RO          267    i.Control_RGB_LEDs  leds.o
    0x000003d8   0x000003d8   0x00000010   Code   RO          232    i.SPI_CS_High       spi_io.o
    0x000003e8   0x000003e8   0x00000010   Code   RO          226    i.SPI_CS_Low        spi_io.o
    0x000003f8   0x000003f8   0x00000000   Code   RO          397    x$fpl$usenofp       fz_ps.l(usenofp.o)
    0x000003f8   0x000003f8   0x00000008   PAD
    0x00000400   0x00000400   0x00000010   Code   RO          330    .ARM.__at_0x400     startup_mkl25z4.o
    0x00000410   0x00000410   0x00000358   Code   RO          379    .text               fz_ps.l(daddsub.o)
    0x00000768   0x00000768   0x00000448   Code   RO          381    .text               fz_ps.l(ddiv.o)
    0x00000bb0   0x00000bb0   0x00000248   Code   RO          388    .text               fz_ps.l(dmul.o)
    0x00000df8   0x00000df8   0x00000084   Code   RO            3    i.Init_Debug_Signals  debug.o
    0x00000e7c   0x00000e7c   0x00000068   Code   RO          268    i.Init_RGB_LEDs     leds.o
    0x00000ee4   0x00000ee4   0x000003f8   Code   RO          115    i.SD_Init           sd_io.o
    0x000012dc   0x000012dc   0x0000018c   Code   RO          116    i.SD_Read           sd_io.o
    0x00001468   0x00001468   0x00000164   Code   RO          118    i.SD_Write          sd_io.o
    0x000015cc   0x000015cc   0x0000000c   Code   RO          238    i.SPI_Freq_High     spi_io.o
    0x000015d8   0x000015d8   0x0000000c   Code   RO          244    i.SPI_Freq_Low      spi_io.o
    0x000015e4   0x000015e4   0x00000054   Code   RO          193    i.SPI_Init          spi_io.o
    0x00001638   0x00001638   0x00000018   Code   RO          194    i.SPI_RW            spi_io.o
    0x00001650   0x00001650   0x0000001c   Code   RO          195    i.SPI_Release       spi_io.o
    0x0000166c   0x0000166c   0x0000000c   Code   RO          256    i.SPI_Timer_Off     spi_io.o
    0x00001678   0x00001678   0x00000024   Code   RO          196    i.SPI_Timer_On      spi_io.o
    0x0000169c   0x0000169c   0x00000010   Code   RO          250    i.SPI_Timer_Status  spi_io.o
    0x000016ac   0x000016ac   0x0000000e   Code   RO           51    i.Scheduler         main.o
    0x000016ba   0x000016ba   0x00000002   PAD
    0x000016bc   0x000016bc   0x000000e8   Code   RO          340    i.SystemInit        system_mkl25z4.o
    0x000017a4   0x000017a4   0x000000a8   Code   RO           52    i.Task_Makework     main.o
    0x0000184c   0x0000184c   0x0000011c   Code   RO          296    i.Task_SD_Server    sd_server.o
    0x00001968   0x00001968   0x000001c8   Code   RO           53    i.Task_Test_SD      main.o
    0x00001b30   0x00001b30   0x0000000a   Code   RO          297    i.Update_Trans      sd_server.o
    0x00001b3a   0x00001b3a   0x00000016   Code   RO          119    i.__SD_Power_Of_Two  sd_io.o
    0x00001b50   0x00001b50   0x000000b4   Code   RO          120    i.__SD_Sectors      sd_io.o
    0x00001c04   0x00001c04   0x00000084   Code   RO          121    i.__SD_Send_Cmd     sd_io.o
    0x00001c88   0x00001c88   0x00000012   Code   RO          122    i.__SD_Speed_Transfer  sd_io.o
    0x00001c9a   0x00001c9a   0x00000016   Code   RO           54    i.main              main.o
    0x00001cb0   0x00001cb0   0x00000064   Code   RO          384    x$fpl$deqf          fz_ps.l(deqf.o)
    0x00001d14   0x00001d14   0x00000080   Data   RO          382    .constdata          fz_ps.l(ddiv.o)
    0x00001d94   0x00001d94   0x00000020   Data   RO          564    Region$$Table       anon$$obj.o


    Execution Region RW_IRAM1 (Exec base: 0x1ffff000, Load base: 0x00001db4, Size: 0x000006f8, Max: 0x00004000, ABSOLUTE)

    Exec Addr    Load Addr    Size         Type   Attr      Idx    E Section Name        Object

    0x1ffff000   0x00001db4   0x00000028   Data   RW           56    .data               main.o
    0x1ffff028   0x00001ddc   0x00000028   Data   RW          124    .data               sd_io.o
    0x1ffff050   0x00001e04   0x00000004   Data   RW          125    .data               sd_io.o
    0x1ffff054   0x00001e08   0x00000004   Data   RW          126    .data               sd_io.o
    0x1ffff058   0x00001e0c   0x00000004   Data   RW          127    .data               sd_io.o
    0x1ffff05c   0x00001e10   0x00000006   Data   RW          299    .data               sd_server.o
    0x1ffff062   0x00001e16   0x00000002   PAD
    0x1ffff064        -       0x0000020c   Zero   RW           55    .bss                main.o
    0x1ffff270        -       0x00000028   Zero   RW          298    .bss                sd_server.o
    0x1ffff298        -       0x00000060   Zero   RW          437    .bss                c_p.l(libspace.o)
    0x1ffff2f8        -       0x00000000   Zero   RW          328    HEAP                startup_mkl25z4.o
    0x1ffff2f8        -       0x00000400   Zero   RW          327    STACK               startup_mkl25z4.o


==============================================================================

Image component sizes


      Code (inc. data)   RO Data    RW Data    ZI Data      Debug   Object Name

       132         16          0          0          0       5005   debug.o
       164         30          0          0          0       1075   leds.o
       660         48          0         40        524       5279   main.o
      2120         66          0         52          0      10950   sd_io.o
       294         38          0          6         40       2495   sd_server.o
       256         58          0          0          0       4218   spi_io.o
        80         44        192          0       1024        896   startup_mkl25z4.o
       232         48          0          0          0        581   system_mkl25z4.o

    ----------------------------------------------------------------------
      3940        348        224        100       1588      30499   Object Totals
         0          0         32          0          0          0   (incl. Generated)
         2          0          0          2          0          0   (incl. Padding)

    ----------------------------------------------------------------------

      Code (inc. data)   RO Data    RW Data    ZI Data      Debug   Library Member Name

         8          0          0          0          0         68   __main.o
         0          0          0          0          0          0   __rtentry.o
        12          0          0          0          0          0   __rtentry2.o
         6          0          0          0          0          0   __rtentry4.o
        60          8          0          0          0          0   __scatter.o
        26          0          0          0          0          0   __scatter_copy.o
        28          0          0          0          0          0   __scatter_zi.o
        16          0          0          0          0         68   exit.o
         6          0          0          0          0        136   heapauxi.o
         0          0          0          0          0          0   indicate_semi.o
         2          0          0          0          0          0   libinit.o
         2          0          0          0          0          0   libinit2.o
         2          0          0          0          0          0   libshutdown.o
         2          0          0          0          0          0   libshutdown2.o
         8          4          0          0         96         68   libspace.o
         2          0          0          0          0          0   rtexit.o
        10          0          0          0          0          0   rtexit2.o
        12          4          0          0          0         60   sys_exit.o
        62          0          0          0          0         80   sys_stackheap_outer.o
         2          0          0          0          0         68   use_no_semi.o
        46          0          0          0          0         60   cmpret.o
       856         20          0          0          0        208   daddsub.o
       144          4          0          0          0         76   dcmpin.o
      1096         26        128          0          0        112   ddiv.o
       100          4          0          0          0         92   deqf.o
        88          0          0          0          0         92   dflti.o
       584         26          0          0          0         84   dmul.o
        20          6          0          0          0         68   dnan2.o
        94          0          0          0          0         68   retnan.o
         0          0          0          0          0          0   usenofp.o

    ----------------------------------------------------------------------
      3312        102        128          0         96       1408   Library Totals
        18          0          0          0          0          0   (incl. Padding)

    ----------------------------------------------------------------------

      Code (inc. data)   RO Data    RW Data    ZI Data      Debug   Library Name

       266         16          0          0         96        548   c_p.l
      3028         86        128          0          0        860   fz_ps.l

    ----------------------------------------------------------------------
      3312        102        128          0         96       1408   Library Totals

    ----------------------------------------------------------------------

==============================================================================


      Code (inc. data)   RO Data    RW Data    ZI Data      Debug   

      7252        450        352        100       1684      30311   Grand Totals
      7252        450        352        100       1684      30311   ELF Image Totals
      7252        450        352        100          0          0   ROM Totals

==============================================================================

    Total RO  Size (Code + RO Data)                 7604 (   7.43kB)
    Total RW  Size (RW Data + ZI Data)              1784 (   1.74kB)
    Total ROM Size (Code + RO Data + RW Data)       7704 (   7.52kB)

==============================================================================

